###############################################################################
#
# IAR ELF Linker V7.40.7.9843/W32 for ARM                 18/Feb/2016  17:52:54
# Copyright 2007-2015 IAR Systems AB.
#
#    Output file  =  
#        C:\Analog
#        Devices\ADuCM350BBCZ\Eval-ADUCM350EBZ\examples\ImpedanceMeasurement_4WireBioIsolated\iar\Debug\Exe\ImpedanceMeasurement_4WireBioIsolated.out.tmp
#    Map file     =  
#        C:\Analog
#        Devices\ADuCM350BBCZ\Eval-ADUCM350EBZ\examples\ImpedanceMeasurement_4WireBioIsolated\iar\Debug\List\ImpedanceMeasurement_4WireBioIsolated.map
#    Command line =  
#        "C:\Analog
#        Devices\ADuCM350BBCZ\Eval-ADUCM350EBZ\examples\ImpedanceMeasurement_4WireBioIsolated\iar\Debug\Obj\afe.o"
#        "C:\Analog
#        Devices\ADuCM350BBCZ\Eval-ADUCM350EBZ\examples\ImpedanceMeasurement_4WireBioIsolated\iar\Debug\Obj\afe_lib.o"
#        "C:\Analog
#        Devices\ADuCM350BBCZ\Eval-ADUCM350EBZ\examples\ImpedanceMeasurement_4WireBioIsolated\iar\Debug\Obj\dma.o"
#        "C:\Analog
#        Devices\ADuCM350BBCZ\Eval-ADUCM350EBZ\examples\ImpedanceMeasurement_4WireBioIsolated\iar\Debug\Obj\gpio.o"
#        "C:\Analog
#        Devices\ADuCM350BBCZ\Eval-ADUCM350EBZ\examples\ImpedanceMeasurement_4WireBioIsolated\iar\Debug\Obj\ImpedanceMeasurement_4WireBioIsolated.o"
#        "C:\Analog
#        Devices\ADuCM350BBCZ\Eval-ADUCM350EBZ\examples\ImpedanceMeasurement_4WireBioIsolated\iar\Debug\Obj\PinMux.o"
#        "C:\Analog
#        Devices\ADuCM350BBCZ\Eval-ADUCM350EBZ\examples\ImpedanceMeasurement_4WireBioIsolated\iar\Debug\Obj\startup.o"
#        "C:\Analog
#        Devices\ADuCM350BBCZ\Eval-ADUCM350EBZ\examples\ImpedanceMeasurement_4WireBioIsolated\iar\Debug\Obj\system.o"
#        "C:\Analog
#        Devices\ADuCM350BBCZ\Eval-ADUCM350EBZ\examples\ImpedanceMeasurement_4WireBioIsolated\iar\Debug\Obj\test_common.o"
#        "C:\Analog
#        Devices\ADuCM350BBCZ\Eval-ADUCM350EBZ\examples\ImpedanceMeasurement_4WireBioIsolated\iar\Debug\Obj\uart.o"
#        "C:\Analog
#        Devices\ADuCM350BBCZ\Eval-ADUCM350EBZ\examples\ImpedanceMeasurement_4WireBioIsolated\iar\Debug\Obj\wdt.o"
#        --redirect _Printf=_PrintfSmall --redirect _Scanf=_ScanfSmall -o
#        "C:\Analog
#        Devices\ADuCM350BBCZ\Eval-ADUCM350EBZ\examples\ImpedanceMeasurement_4WireBioIsolated\iar\Debug\Exe\ImpedanceMeasurement_4WireBioIsolated.out.tmp"
#        --keep __checksum0 --keep __checksum1 --keep __parity0 --keep
#        __parity1 --map "C:\Analog
#        Devices\ADuCM350BBCZ\Eval-ADUCM350EBZ\examples\ImpedanceMeasurement_4WireBioIsolated\iar\Debug\List\ImpedanceMeasurement_4WireBioIsolated.map"
#        --log
#        libraries,initialization,modules,redirects,sections,veneers,unused_fragments
#        --log_file "C:\Analog
#        Devices\ADuCM350BBCZ\Eval-ADUCM350EBZ\examples\ImpedanceMeasurement_4WireBioIsolated\iar\Debug\List\ImpedanceMeasurement_4WireBioIsolated.log"
#        --config "C:\Program Files (x86)\IAR Systems\Embedded Workbench
#        7.2\arm\config\linker\AnalogDevices\ADuCM350BBCZ.icf" --keep
#        __checksum --place_holder __checksum0,4,.checksum0,4 --place_holder
#        __checksum1,4,.checksum1,4 --place_holder __parity0,0x1F00,.parity0,4
#        --place_holder __parity1,0x0F80,.parity1,4 --semihosting --entry
#        __iar_program_start --place_holder __checksum,4,.checksum,4
#        --define_symbol __checksum_begin=0x0 --define_symbol
#        __checksum_end=0x7f7 --redirect __write=__write_buffered "C:\Program
#        Files (x86)\IAR Systems\Embedded Workbench
#        7.2\arm\CMSIS\Lib\IAR\iar_cortexM3l_math.a" --vfe
#
###############################################################################

*******************************************************************************
*** RUNTIME MODEL ATTRIBUTES
***

CppFlavor       = *
__SystemLibrary = DLib


*******************************************************************************
*** PLACEMENT SUMMARY
***

"A1":  place at 0x000007fc { block CHECKSUM };
"A2":  place at 0x000007f8 { block RSIGNATURE };
"A3":  place at end of [0x00000800-0x0003ffff] { block CHECKSUM0 };
"A4":  place at end of [0x00040000-0x0005ffff] { block CHECKSUM1 };
"A5":  place at 0x0005ffe8 { block JTAG_DISABLE };
"A6":  place at 0x0005ffec { block LOWER_FA_KEY };
"A7":  place at 0x0005fff0 { block UPPER_FA_KEY };
"A8":  place at 0x0005fff4 { block WRITE_PROTECT };
"A9":  place at 0x0003e000 { block PARITY0 };
"A10": place at 0x0005f000 { block PARITY1 };
"A11": place at start of [0x00000000-0x000007ff] { ro section .intvec };
"P1":  place in [from 0x00000800 to 0x0005ffff] { ro };
"A12": place at end of [0x20000000-0x20003fff] { block CSTACK };
"P2":  place in [from 0x20000000 to 0x20003fff] { rw, block HEAP };

  Section            Kind        Address    Size  Object
  -------            ----        -------    ----  ------
"A11":                                     0x134
  .intvec            const    0x00000000   0x134  startup.o [1]
                            - 0x00000134   0x134

"A2":                                        0x4
  RSIGNATURE                  0x000007f8     0x4  <Block>
    RSIGNATURE       uninit   0x000007f8     0x4  <Block tail>
                            - 0x000007fc     0x4

"A1":                                        0x4
  CHECKSUM                    0x000007fc     0x4  <Block>
    .checksum        const    0x000007fc     0x4  Place holder __checksum
                            - 0x00000800     0x4

"P1":                                     0x5308
  .text              ro code  0x00000800  0x1094  afe.o [1]
  .text              ro code  0x00001894  0x1048  system.o [1]
  .text              ro code  0x000028dc   0x458  dma.o [1]
  .text              ro code  0x00002d34   0x29a  gpio.o [1]
  .text              ro code  0x00002fce     0xa  xsprout.o [3]
  .text              ro code  0x00002fd8    0x56  ABImemcpy_unaligned.o [6]
  .text              ro code  0x00003030   0x5f8  ImpedanceMeasurement_4WireBioIsolated.o [1]
  .text              ro code  0x00003628    0x8a  test_common.o [1]
  .text              ro code  0x000036b4    0x10  PinMux.o [1]
  .text              ro code  0x000036c4   0x28c  afe_lib.o [1]
  .text              ro code  0x00003950    0x34  sprintf.o [3]
  .text              ro code  0x00003984   0x11a  arm_cmplx_mag_q31.o [4]
  .text              ro code  0x00003aa0    0x8e  arm_mult_q15.o [4]
  .text              ro code  0x00003b30    0xa2  arm_q15_to_q31.o [4]
  .text              ro code  0x00003bd4   0x132  I64DivMod.o [6]
  .text              ro code  0x00003d06    0x1c  strcat.o [3]
  .text              ro code  0x00003d24    0x24  printf.o [3]
  .text              ro code  0x00003d48   0x32c  uart.o [1]
  .text              ro code  0x00004074   0x1d4  wdt.o [1]
  .text              ro code  0x00004248     0x4  exit.o [3]
  .text              ro code  0x0000424c   0x4d8  xprintfsmall.o [3]
  .text              ro code  0x00004724    0x22  S64Shr.o [6]
  .text              ro code  0x00004748    0xfc  arm_sqrt_q31.o [4]
  .text              ro code  0x00004844     0x2  I64DivZer.o [6]
  .text              ro code  0x00004848     0xe  cexit.o [6]
  .text              ro code  0x00004858    0x16  strchr.o [6]
  .text              ro code  0x00004870    0x36  strlen.o [6]
  .text              ro code  0x000048a8    0x58  memchr.o [6]
  .text              ro code  0x00004900    0x2e  I32ToFlt.o [5]
  .text              ro code  0x00004930    0xd8  FltMul.o [5]
  .text              ro code  0x00004a08    0x44  FltToS32.o [5]
  .text              ro code  0x00004a4c     0xc  xcloseall.o [3]
  .text              ro code  0x00004a58    0x14  exit.o [7]
  .text              ro code  0x00004a6c    0xc0  xxwritebuffered.o [3]
  .text              ro code  0x00004b2c    0x6c  iarttio.o [7]
  .text              ro code  0x00004b98    0x1e  dwrite.o [7]
  .text              ro code  0x00004bb8     0x8  XShttio.o [3]
  .text              ro code  0x00004bc0    0x20  iarwstd.o [7]
  .text              ro code  0x00004be0    0x22  iarwrite.o [7]
  .rodata            const    0x00004c04    0xc8  system.o [1]
  .rodata            const    0x00004ccc    0xb8  ImpedanceMeasurement_4WireBioIsolated.o [1]
  .rodata            const    0x00004d84    0xb4  ImpedanceMeasurement_4WireBioIsolated.o [1]
  .rodata            const    0x00004e38    0xb4  ImpedanceMeasurement_4WireBioIsolated.o [1]
  .rodata            const    0x00004eec    0xb4  ImpedanceMeasurement_4WireBioIsolated.o [1]
  .rodata            const    0x00004fa0    0xa8  ImpedanceMeasurement_4WireBioIsolated.o [1]
  .rodata            const    0x00005048    0xa4  ImpedanceMeasurement_4WireBioIsolated.o [1]
  .rodata            const    0x000050ec    0xa4  ImpedanceMeasurement_4WireBioIsolated.o [1]
  .rodata            const    0x00005190    0xa4  ImpedanceMeasurement_4WireBioIsolated.o [1]
  .text              ro code  0x00005234    0xa4  startup.o [1]
  .text              ro code  0x000052d8    0x1a  cmain.o [6]
  .text              ro code  0x000052f2     0x4  low_level_init.o [3]
  .text              ro code  0x000052f8    0x28  data_init.o [6]
  .rodata            const    0x00005320    0xa0  ImpedanceMeasurement_4WireBioIsolated.o [1]
  .rodata            const    0x000053c0    0x9c  ImpedanceMeasurement_4WireBioIsolated.o [1]
  .rodata            const    0x0000545c    0x9c  ImpedanceMeasurement_4WireBioIsolated.o [1]
  .rodata            const    0x000054f8    0x9c  ImpedanceMeasurement_4WireBioIsolated.o [1]
  .rodata            const    0x00005594    0x98  ImpedanceMeasurement_4WireBioIsolated.o [1]
  .rodata            const    0x0000562c    0x94  ImpedanceMeasurement_4WireBioIsolated.o [1]
  .rodata            const    0x000056c0    0x80  uart.o [1]
  .rodata            const    0x00005740    0x58  afe_lib.o [1]
  .rodata            const    0x00005798    0x40  afe_lib.o [1]
  .text              ro code  0x000057d8    0x40  zero_init3.o [6]
  .rodata            const    0x00005818    0x38  test_common.o [1]
  .text              ro code  0x00005850    0x2c  copy_init3.o [6]
  .text              ro code  0x0000587c    0x28  putchar.o [3]
  .rodata            const    0x000058a4    0x24  afe_lib.o [1]
  .rodata            const    0x000058c8    0x24  ImpedanceMeasurement_4WireBioIsolated.o [1]
  .rodata            const    0x000058ec    0x24  ImpedanceMeasurement_4WireBioIsolated.o [1]
  .iar.init_table    const    0x00005910    0x24  - Linker created -
  .rodata            const    0x00005934    0x20  ImpedanceMeasurement_4WireBioIsolated.o [1]
  .rodata            const    0x00005954    0x20  ImpedanceMeasurement_4WireBioIsolated.o [1]
  .rodata            const    0x00005974    0x1c  test_common.o [1]
  .rodata            const    0x00005990    0x18  test_common.o [1]
  .text              ro code  0x000059a8    0x16  xprout.o [3]
  .rodata            const    0x000059c0    0x14  gpio.o [1]
  .rodata            const    0x000059d4    0x10  afe_lib.o [1]
  .rodata            const    0x000059e4    0x10  ImpedanceMeasurement_4WireBioIsolated.o [1]
  .rodata            const    0x000059f4     0xc  ImpedanceMeasurement_4WireBioIsolated.o [1]
  .rodata            const    0x00005a00     0xc  ImpedanceMeasurement_4WireBioIsolated.o [1]
  .rodata            const    0x00005a0c     0xc  ImpedanceMeasurement_4WireBioIsolated.o [1]
  .rodata            const    0x00005a18     0xc  ImpedanceMeasurement_4WireBioIsolated.o [1]
  .text              ro code  0x00005a24     0xc  cstartup_M.o [6]
  .rodata            const    0x00005a30     0x8  test_common.o [1]
  .rodata            const    0x00005a38     0x8  wdt.o [1]
  .rodata            const    0x00005a40     0x4  afe.o [1]
  .rodata            const    0x00005a44     0x4  dma.o [1]
  .rodata            const    0x00005a48     0x4  test_common.o [1]
  .text              ro code  0x00005a4c     0x0  cstart_closeall.o [6]
  .rodata            const    0x00005a4c     0x0  zero_init3.o [6]
  .rodata            const    0x00005a4c     0x0  copy_init3.o [6]
  Initializer bytes  const    0x00005a4c    0xbc  <for P2 s0>
                            - 0x00005b08  0x5308

"A9":                                     0x1f00
  PARITY0                     0x0003e000  0x1f00  <Block>
    .parity0         const    0x0003e000  0x1f00  Place holder __parity0
                            - 0x0003ff00  0x1f00

"A3":                                        0x8
  CHECKSUM0                   0x0003fff8     0x8  <Block>
    .checksum0       const    0x0003fff8     0x4  Place holder __checksum0
    CHECKSUM0        const    0x0003fffc     0x4  <Block tail>
                            - 0x00040000     0x8

"A10":                                     0xf80
  PARITY1                     0x0005f000   0xf80  <Block>
    .parity1         const    0x0005f000   0xf80  Place holder __parity1
                            - 0x0005ff80   0xf80

"A5":                                        0x4
  JTAG_DISABLE                0x0005ffe8     0x4  <Block>
    JTAG_DISABLE     uninit   0x0005ffe8     0x4  <Block tail>
                            - 0x0005ffec     0x4

"A6":                                        0x4
  LOWER_FA_KEY                0x0005ffec     0x4  <Block>
    LOWER_FA_KEY     uninit   0x0005ffec     0x4  <Block tail>
                            - 0x0005fff0     0x4

"A7":                                        0x4
  UPPER_FA_KEY                0x0005fff0     0x4  <Block>
    UPPER_FA_KEY     uninit   0x0005fff0     0x4  <Block tail>
                            - 0x0005fff4     0x4

"A8":                                        0x4
  WRITE_PROTECT               0x0005fff4     0x4  <Block>
    WRITE_PROTECT    uninit   0x0005fff4     0x4  <Block tail>
                            - 0x0005fff8     0x4

"A4":                                        0x8
  CHECKSUM1                   0x0005fff8     0x8  <Block>
    .checksum1       const    0x0005fff8     0x4  Place holder __checksum1
    CHECKSUM1        const    0x0005fffc     0x4  <Block tail>
                            - 0x00060000     0x8

"P2":                                      0x568
  P2 s0                       0x20000000    0xbc  <Init block>
    .data            inited   0x20000000    0x5c  ImpedanceMeasurement_4WireBioIsolated.o [1]
    .data            inited   0x2000005c    0x44  uart.o [1]
    .data            inited   0x200000a0     0xc  system.o [1]
    .data            inited   0x200000ac     0x8  XShttio.o [3]
    .data            inited   0x200000b4     0x4  dma.o [1]
    .data            inited   0x200000b8     0x4  dma.o [1]
  .bss               zero     0x20000200   0x200  dma.o [1]
  .bss               zero     0x20000400    0x60  afe.o [1]
  .bss               zero     0x20000460    0x5c  gpio.o [1]
  .bss               zero     0x200004bc    0x54  xxwritebuffered.o [3]
  .bss               zero     0x20000510    0x18  afe.o [1]
  .bss               zero     0x20000528    0x18  afe.o [1]
  .bss               zero     0x20000540     0xc  dma.o [1]
  .bss               zero     0x2000054c     0x4  afe.o [1]
  .bss               zero     0x20000550     0x4  ImpedanceMeasurement_4WireBioIsolated.o [1]
  .bss               zero     0x20000554     0x4  system.o [1]
  .bss               zero     0x20000558     0x4  system.o [1]
  .bss               zero     0x2000055c     0x4  system.o [1]
  .bss               zero     0x20000560     0x4  wdt.o [1]
  .bss               zero     0x20000564     0x1  afe.o [1]
  .bss               zero     0x20000565     0x1  system.o [1]
  .bss               zero     0x20000566     0x1  system.o [1]
                            - 0x20000567   0x567

"A12":                                     0x400
  CSTACK                      0x20003c00   0x400  <Block>
    CSTACK           uninit   0x20003c00   0x400  <Block tail>
                            - 0x20004000   0x400


*******************************************************************************
*** INIT TABLE
***

          Address     Size
          -------     ----
Zero (__iar_zero_init3)
    1 destination range, total size 0x367:
          0x20000200  0x367

Copy (__iar_copy_init3)
    1 source range, total size 0xbc:
          0x00005a4c   0xbc
    1 destination range, total size 0xbc:
          0x20000000   0xbc



*******************************************************************************
*** MODULE SUMMARY
***

    Module                                   ro code  ro data  rw data
    ------                                   -------  -------  -------
C:\Analog Devices\ADuCM350BBCZ\Eval-ADUCM350EBZ\examples\ImpedanceMeasurement_4WireBioIsolated\iar\Debug\Obj: [1]
    ImpedanceMeasurement_4WireBioIsolated.o    1 528    2 604       96
    PinMux.o                                      16
    afe.o                                      4 244        4      149
    afe_lib.o                                    652      204
    dma.o                                      1 112       12      532
    gpio.o                                       666       20       92
    startup.o                                    164      308
    system.o                                   4 168      212       26
    test_common.o                                138      120
    uart.o                                       812      196       68
    wdt.o                                        468        8        4
    ------------------------------------------------------------------
    Total:                                    13 968    3 688      967

command line: [2]
    ------------------------------------------------------------------
    Total:

dl7M_tln.a: [3]
    XShttio.o                                      8        8        8
    exit.o                                         4
    low_level_init.o                               4
    printf.o                                      36
    putchar.o                                     40
    sprintf.o                                     52
    strcat.o                                      28
    xcloseall.o                                   12
    xprintfsmall.o                             1 240
    xprout.o                                      22
    xsprout.o                                     10
    xxwritebuffered.o                            192                84
    ------------------------------------------------------------------
    Total:                                     1 648        8       92

iar_cortexM3l_math.a: [4]
    arm_cmplx_mag_q31.o                          282
    arm_mult_q15.o                               142
    arm_q15_to_q31.o                             162
    arm_sqrt_q31.o                               252
    ------------------------------------------------------------------
    Total:                                       838

m7M_tl.a: [5]
    FltMul.o                                     216
    FltToS32.o                                    68
    I32ToFlt.o                                    46
    ------------------------------------------------------------------
    Total:                                       330

rt7M_tl.a: [6]
    ABImemcpy_unaligned.o                         86
    I64DivMod.o                                  306
    I64DivZer.o                                    2
    S64Shr.o                                      34
    cexit.o                                       14
    cmain.o                                       26
    copy_init3.o                                  44
    cstart_closeall.o
    cstartup_M.o                                  12
    data_init.o                                   40
    memchr.o                                      88
    strchr.o                                      22
    strlen.o                                      54
    zero_init3.o                                  64
    ------------------------------------------------------------------
    Total:                                       792

shb_l.a: [7]
    dwrite.o                                      30
    exit.o                                        20
    iarttio.o                                    108
    iarwrite.o                                    34
    iarwstd.o                                     32
    ------------------------------------------------------------------
    Total:                                       224

    Gaps                                          28        4      324
    Linker created                                         44    1 044
----------------------------------------------------------------------
    Grand Total:                              17 828   15 660    2 427


*******************************************************************************
*** ENTRY LIST
***

Entry                      Address    Size  Type      Object
-----                      -------    ----  ----      ------
.iar.init_table$$Base   0x00005910           --   Gb  - Linker created -
.iar.init_table$$Limit  0x00005934           --   Gb  - Linker created -
?main                   0x000052d9          Code  Gb  cmain.o [6]
AFE_Capture_Int_Handler
                        0x0000148f    0xae  Code  Gb  afe.o [1]
AFE_CmdFIFO_Int_Handler
                        0x000015ad    0xd6  Code  Gb  afe.o [1]
AFE_DataFIFO_Int_Handler
                        0x00001683    0xa0  Code  Gb  afe.o [1]
AFE_DevData             0x20000400    0x60  Data  Gb  afe.o [1]
AFE_Generate_Int_Handler
                        0x0000153d    0x70  Code  Gb  afe.o [1]
ArePinsValid            0x00002fa5    0x10  Code  Lc  gpio.o [1]
Beep_Int_Handler        0x000052c5     0x2  Code  Wk  startup.o [1]
BusFault_Handler        0x0000527b     0x2  Code  Wk  startup.o [1]
CHECKSUM$$Base          0x000007fc           --   Gb  - Linker created -
CHECKSUM$$Limit         0x00000800           --   Gb  - Linker created -
CHECKSUM0$$Base         0x0003fff8           --   Gb  - Linker created -
CHECKSUM0$$Limit        0x00040000           --   Gb  - Linker created -
CHECKSUM1$$Base         0x0005fff8           --   Gb  - Linker created -
CHECKSUM1$$Limit        0x00060000           --   Gb  - Linker created -
CSTACK$$Base            0x20003c00           --   Gb  - Linker created -
CSTACK$$Limit           0x20004000           --   Gb  - Linker created -
CapTouch_Int_Handler    0x000052c9     0x2  Code  Wk  startup.o [1]
ClockStateConfig        0x200000a0     0xc  Data  Lc  system.o [1]
CommonInterruptHandler  0x00002e6d    0x82  Code  Gb  gpio.o [1]
DMA_AFE_RX_Int_Handler  0x00001751   0x104  Code  Gb  afe.o [1]
DMA_AFE_TX_Int_Handler  0x00001723    0x28  Code  Gb  afe.o [1]
DMA_CRC_Int_Handler     0x000052af     0x2  Code  Wk  startup.o [1]
DMA_DevData             0x20000540     0xc  Data  Gb  dma.o [1]
DMA_Err_Int_Handler     0x00005297     0x2  Code  Wk  startup.o [1]
DMA_I2C0_MX_Int_Handler
                        0x000052ad     0x2  Code  Wk  startup.o [1]
DMA_I2C0_SRX_Int_Handler
                        0x000052ab     0x2  Code  Wk  startup.o [1]
DMA_I2C0_STX_Int_Handler
                        0x000052a9     0x2  Code  Wk  startup.o [1]
DMA_I2S_Int_Handler     0x000052b3     0x2  Code  Wk  startup.o [1]
DMA_PDI_Int_Handler     0x000052b1     0x2  Code  Wk  startup.o [1]
DMA_SPI0_RX_Int_Handler
                        0x0000529f     0x2  Code  Wk  startup.o [1]
DMA_SPI0_TX_Int_Handler
                        0x0000529d     0x2  Code  Wk  startup.o [1]
DMA_SPI1_RX_Int_Handler
                        0x000052a3     0x2  Code  Wk  startup.o [1]
DMA_SPI1_TX_Int_Handler
                        0x000052a1     0x2  Code  Wk  startup.o [1]
DMA_SPIH_RX_Int_Handler
                        0x0000529b     0x2  Code  Wk  startup.o [1]
DMA_SPIH_TX_Int_Handler
                        0x00005299     0x2  Code  Wk  startup.o [1]
DMA_UART_RX_Int_Handler
                        0x000052a7     0x2  Code  Wk  startup.o [1]
DMA_UART_TX_Int_Handler
                        0x000052a5     0x2  Code  Wk  startup.o [1]
DebugMon_Handler        0x00005281     0x2  Code  Wk  startup.o [1]
Ext_Int0_Handler        0x00002eef     0xc  Code  Gb  gpio.o [1]
Ext_Int1_Handler        0x00002efb     0xc  Code  Gb  gpio.o [1]
Ext_Int2_Handler        0x00002f07     0xc  Code  Gb  gpio.o [1]
Ext_Int3_Handler        0x00002f13     0xc  Code  Gb  gpio.o [1]
Ext_Int4_Handler        0x00002f1f     0xc  Code  Gb  gpio.o [1]
Ext_Int5_Handler        0x00002f2b     0xc  Code  Gb  gpio.o [1]
Ext_Int6_Handler        0x00002f37     0xc  Code  Gb  gpio.o [1]
Ext_Int7_Handler        0x00002f43     0xc  Code  Gb  gpio.o [1]
Ext_Int8_Handler        0x00002f4f     0xc  Code  Gb  gpio.o [1]
Flash0_Int_Handler      0x0000528d     0x2  Code  Wk  startup.o [1]
Flash1_Int_Handler      0x000052bf     0x2  Code  Wk  startup.o [1]
GPFlash_Int_Handler     0x000052cb     0x2  Code  Wk  startup.o [1]
GPIO_A_Int_Handler      0x00002f5b     0xc  Code  Gb  gpio.o [1]
GPIO_B_Int_Handler      0x00002f67     0xc  Code  Gb  gpio.o [1]
GP_Tmr0_Int_Handler     0x00005289     0x2  Code  Wk  startup.o [1]
GP_Tmr1_Int_Handler     0x0000528b     0x2  Code  Wk  startup.o [1]
GP_Tmr2_Int_Handler     0x000052bd     0x2  Code  Wk  startup.o [1]
GetClockSourceStatus    0x000021f7    0xda  Code  Gb  system.o [1]
GetSystemClockMux       0x00001b29    0x68  Code  Gb  system.o [1]
HardFault_Handler       0x00005277     0x2  Code  Wk  startup.o [1]
I2C0_Master_Int_Handler
                        0x00005295     0x2  Code  Wk  startup.o [1]
I2C0_Slave_Int_Handler  0x00005293     0x2  Code  Wk  startup.o [1]
I2S_Int_Handler         0x000052bb     0x2  Code  Wk  startup.o [1]
IsInterruptValid        0x00002fb5    0x1a  Code  Lc  gpio.o [1]
IsPortValid             0x00002f73    0x22  Code  Lc  gpio.o [1]
JTAG_DISABLE$$Base      0x0005ffe8           --   Gb  - Linker created -
JTAG_DISABLE$$Limit     0x0005ffec           --   Gb  - Linker created -
LCD_Int_Handler         0x000052c7     0x2  Code  Wk  startup.o [1]
LOWER_FA_KEY$$Base      0x0005ffec           --   Gb  - Linker created -
LOWER_FA_KEY$$Limit     0x0005fff0           --   Gb  - Linker created -
LoadInt                 0x000045d3    0x4c  Code  Lc  xprintfsmall.o [3]
MemManage_Handler       0x00005279     0x2  Code  Wk  startup.o [1]
NVIC_DisableIRQ         0x00000817    0x16  Code  Lc  afe.o [1]
NVIC_DisableIRQ         0x00003d5f    0x16  Code  Lc  uart.o [1]
NVIC_DisableIRQ         0x0000408b    0x16  Code  Lc  wdt.o [1]
NVIC_EnableIRQ          0x00000801    0x16  Code  Lc  afe.o [1]
NVIC_EnableIRQ          0x00003d49    0x16  Code  Lc  uart.o [1]
NVIC_EnableIRQ          0x00004075    0x16  Code  Lc  wdt.o [1]
NmiSR                   0x00005275     0x2  Code  Wk  startup.o [1]
PARITY0$$Base           0x0003e000           --   Gb  - Linker created -
PARITY0$$Limit          0x0003ff00           --   Gb  - Linker created -
PARITY1$$Base           0x0005f000           --   Gb  - Linker created -
PARITY1$$Limit          0x0005ff80           --   Gb  - Linker created -
PDI_Int_Handler         0x000052d3     0x2  Code  Wk  startup.o [1]
PLL_Int_Handler         0x000052cf     0x2  Code  Wk  startup.o [1]
Parity_Int_Handler      0x000052d5     0x2  Code  Wk  startup.o [1]
PendSV_Handler          0x00005283     0x2  Code  Wk  startup.o [1]
RESERVED_VECTOR         0x000052d7     0x2  Code  Wk  startup.o [1]
RSIGNATURE$$Base        0x000007f8           --   Gb  - Linker created -
RSIGNATURE$$Limit       0x000007fc           --   Gb  - Linker created -
RTC_Int_Handler         0x000052c3     0x2  Code  Wk  startup.o [1]
Random_Int_Handler      0x000052d1     0x2  Code  Wk  startup.o [1]
Region$$Table$$Base     0x00005910           --   Gb  - Linker created -
Region$$Table$$Limit    0x00005934           --   Gb  - Linker created -
ResetCircularBuffers    0x00003e83    0x2e  Code  Lc  uart.o [1]
ResetISR                0x00005235    0x34  Code  Wk  startup.o [1]
SPI0_Int_Handler        0x0000528f     0x2  Code  Wk  startup.o [1]
SPI1_Int_Handler        0x000052c1     0x2  Code  Wk  startup.o [1]
SPIH_Int_Handler        0x00005291     0x2  Code  Wk  startup.o [1]
SVC_Handler             0x0000527f     0x2  Code  Wk  startup.o [1]
SetPllFreq              0x000022d1    0x80  Code  Gb  system.o [1]
SetSystemClockDivider   0x00001cc3    0xf8  Code  Gb  system.o [1]
SetSystemClockMux       0x000019e9   0x140  Code  Gb  system.o [1]
StateTransitionTable    0x00004c04    0xc8  Data  Lc  system.o [1]
SysTick_Handler         0x00005285     0x2  Code  Wk  startup.o [1]
SystemClockSourcePowerDownIfUnused
                        0x00001fa7   0x250  Code  Gb  system.o [1]
SystemClockSourcePowerUp
                        0x00001edf    0xc8  Code  Gb  system.o [1]
SystemCoreClockUpdate   0x00001941    0xa8  Code  Gb  system.o [1]
SystemEnableClock       0x00001c3b    0x88  Code  Gb  system.o [1]
SystemEnableClockSource
                        0x00001dbb   0x124  Code  Gb  system.o [1]
SystemEnterLowPowerMode
                        0x00002351    0xda  Code  Gb  system.o [1]
SystemExitLowPowerMode  0x00002439    0x28  Code  Gb  system.o [1]
SystemGetClockFrequency
                        0x00001b91    0xaa  Code  Gb  system.o [1]
SystemInit              0x00001895    0xac  Code  Gb  system.o [1]
SystemTransitionClocks  0x000024eb    0xa4  Code  Gb  system.o [1]
UART_DevData            0x2000005c    0x44  Data  Lc  uart.o [1]
UART_Int_Handler        0x00003d9b    0xe8  Code  Gb  uart.o [1]
UART_RX_Status_Handler  0x00003d75    0x26  Code  Lc  uart.o [1]
UPPER_FA_KEY$$Base      0x0005fff0           --   Gb  - Linker created -
UPPER_FA_KEY$$Limit     0x0005fff4           --   Gb  - Linker created -
USB_Control_Int_Handler
                        0x000052b7     0x2  Code  Wk  startup.o [1]
USB_DMA_Int_Handler     0x000052b9     0x2  Code  Wk  startup.o [1]
USB_Wakeup_Int_Handler  0x000052b5     0x2  Code  Wk  startup.o [1]
UsageFault_Handler      0x0000527d     0x2  Code  Wk  startup.o [1]
ValidateParams          0x00002bdb   0x104  Code  Lc  dma.o [1]
WDT_DevData             0x20000560     0x4  Data  Lc  wdt.o [1]
WDog_Tmr_Int_Handler    0x00004217     0xa  Code  Gb  wdt.o [1]
WRITE_PROTECT$$Base     0x0005fff4           --   Gb  - Linker created -
WRITE_PROTECT$$Limit    0x0005fff8           --   Gb  - Linker created -
WakeUp_Int_Handler      0x00005287     0x2  Code  Wk  startup.o [1]
XTAL_Int_Handler        0x000052cd     0x2  Code  Wk  startup.o [1]
_Close_all              0x00004a4d     0xc  Code  Gb  xcloseall.o [3]
_LitobSmall             0x0000461f    0xce  Code  Lc  xprintfsmall.o [3]
_PrintfSmall            0x0000424d   0x380  Code  Gb  xprintfsmall.o [3]
_Prout                  0x000059a9    0x16  Code  Gb  xprout.o [3]
_PutcharsSmall          0x000046ed    0x2e  Code  Lc  xprintfsmall.o [3]
_SProut                 0x00002fcf     0xa  Code  Gb  xsprout.o [3]
__aeabi_f2iz            0x00004a09          Code  Gb  FltToS32.o [5]
__aeabi_fmul            0x00004931          Code  Gb  FltMul.o [5]
__aeabi_i2f             0x00004901          Code  Gb  I32ToFlt.o [5]
__aeabi_lasr            0x00004725          Code  Gb  S64Shr.o [6]
__aeabi_ldiv0           0x00004845          Code  Gb  I64DivZer.o [6]
__aeabi_ldivmod         0x00003bd5          Code  Gb  I64DivMod.o [6]
__aeabi_uldivmod        0x00003c19          Code  Gb  I64DivMod.o [6]
__cexit_closeall        0x0000484b          Code  Gb  cexit.o [6]
__checksum              0x000007fc     0x4  Data  Gb  Place holder __checksum
__checksum0             0x0003fff8     0x4  Data  Gb  Place holder __checksum0
__checksum1             0x0005fff8     0x4  Data  Gb  Place holder __checksum1
__checksum_begin {Abs}  0x00000000           --   Gb  command line/config [2]
__checksum_end {Abs}    0x000007f7           --   Gb  command line/config [2]
__cmain                 0x000052d9          Code  Gb  cmain.o [6]
__cstart_closeall       0x00005a4c          Data  Gb  cstart_closeall.o [6]
__dwrite                0x00004b99    0x1e  Code  Gb  dwrite.o [7]
__exit                  0x00004a59    0x14  Code  Gb  exit.o [7]
__iar_Memchr            0x000048a9          Code  Gb  memchr.o [6]
__iar_Strchr            0x00004859          Code  Gb  strchr.o [6]
__iar_close_ttio        0x00004b2d    0x2e  Code  Gb  iarttio.o [7]
__iar_copy_init3        0x00005851    0x2c  Code  Gb  copy_init3.o [6]
__iar_data_init3        0x000052f9    0x28  Code  Gb  data_init.o [6]
__iar_get_ttio          0x00004b5d    0x38  Code  Gb  iarttio.o [7]
__iar_lookup_ttioh      0x00004bb9     0x8  Code  Gb  XShttio.o [3]
__iar_program_start     0x00005a25          Code  Gb  cstartup_M.o [6]
__iar_sh_stdout         0x00004bc1    0x20  Code  Gb  iarwstd.o [7]
__iar_sh_write          0x00004be1    0x22  Code  Gb  iarwrite.o [7]
__iar_ttio_handles      0x200000ac     0x8  Data  Lc  XShttio.o [3]
__iar_ui2f              0x00004915          Code  Gb  I32ToFlt.o [5]
__iar_unaligned___aeabi_memcpy4
                        0x00002fd9          Code  Gb  ABImemcpy_unaligned.o [6]
__iar_unaligned___aeabi_memcpy8
                        0x00002fd9          Code  Gb  ABImemcpy_unaligned.o [6]
__iar_zero_init3        0x000057d9    0x40  Code  Gb  zero_init3.o [6]
__low_level_init        0x000052f3     0x4  Code  Gb  low_level_init.o [3]
__parity0               0x0003e000  0x1f00  Data  Gb  Place holder __parity0
__parity1               0x0005f000   0xf80  Data  Gb  Place holder __parity1
__vector_table          0x00000000   0x134  Data  Gb  startup.o [1]
__write_buffered        0x00004a6d    0xc0  Code  Gb  xxwritebuffered.o [3]
_call_main              0x000052e5          Code  Gb  cmain.o [6]
_exit                   0x00004849          Code  Gb  cexit.o [6]
_main                   0x000052ef          Code  Gb  cmain.o [6]
aEnterMeasurementState  0x000025e9    0xf6  Code  Lc  system.o [1]
aEnterMinimalState      0x00002599    0x50  Code  Lc  system.o [1]
aEnterUSBLPMState       0x000027f7    0x46  Code  Lc  system.o [1]
aEnterUSBState          0x000026e5   0x112  Code  Lc  system.o [1]
adi_AFE_AuxChanCal      0x00003723    0xd6  Code  Gb  afe_lib.o [1]
adi_AFE_ClearInterruptSource
                        0x00001409    0x86  Code  Gb  afe.o [1]
adi_AFE_EnableInterruptSource
                        0x00001337    0xd2  Code  Gb  afe.o [1]
adi_AFE_EnableSoftwareCRC
                        0x000011d9     0xa  Code  Gb  afe.o [1]
adi_AFE_ExciteChanPowerUp
                        0x000038c1    0x60  Code  Gb  afe_lib.o [1]
adi_AFE_GetRxDmaComplete
                        0x00000d17    0x62  Code  Gb  afe.o [1]
adi_AFE_GetSeqFinished  0x00000cc5    0x52  Code  Gb  afe.o [1]
adi_AFE_HandleNotInitialized
                        0x000011fd    0x12  Code  Gb  afe.o [1]
adi_AFE_Init            0x00001271    0xc6  Code  Gb  afe.o [1]
adi_AFE_InvalidHandle   0x000011e3    0x16  Code  Gb  afe.o [1]
adi_AFE_PowerUp         0x000036c5    0x5e  Code  Gb  afe_lib.o [1]
adi_AFE_ProgramRxDMA    0x00000bc7    0x94  Code  Gb  afe.o [1]
adi_AFE_ProgramTxDMA    0x00000b37    0x90  Code  Gb  afe.o [1]
adi_AFE_ReadCalibrationRegister
                        0x00000963    0x5c  Code  Gb  afe.o [1]
adi_AFE_RunSequence     0x00001041   0x18a  Code  Gb  afe.o [1]
adi_AFE_SeqAbort        0x00000f41    0x6c  Code  Gb  afe.o [1]
adi_AFE_SeqCheck        0x00000fad    0x84  Code  Gb  afe.o [1]
adi_AFE_SeqInit         0x00000d79    0xf4  Code  Gb  afe.o [1]
adi_AFE_SeqStart        0x00000e6d    0x5e  Code  Gb  afe.o [1]
adi_AFE_SeqStop         0x00000ecb    0x76  Code  Gb  afe.o [1]
adi_AFE_SetRcal         0x0000120f    0x2c  Code  Gb  afe.o [1]
adi_AFE_SetRtia         0x0000123b    0x2c  Code  Gb  afe.o [1]
adi_AFE_TempSensChanCal
                        0x000037f9    0xc8  Code  Gb  afe_lib.o [1]
adi_AFE_WriteCalibrationRegister
                        0x000008f7    0x6c  Code  Gb  afe.o [1]
adi_DMA_Init            0x000028dd   0x158  Code  Gb  dma.o [1]
adi_DMA_ReSubmit        0x00002b6b    0x70  Code  Gb  dma.o [1]
adi_DMA_SubmitTransfer  0x00002a35   0x136  Code  Gb  dma.o [1]
adi_GPIO_ClearIRQ       0x00002d35    0x36  Code  Gb  gpio.o [1]
adi_GPIO_Device         0x20000460    0x5c  Data  Lc  gpio.o [1]
adi_GPIO_GetOutputEnable
                        0x00002e1b    0x2a  Code  Gb  gpio.o [1]
adi_GPIO_GetPullUpEnable
                        0x00002e45    0x28  Code  Gb  gpio.o [1]
adi_GPIO_SetInputEnable
                        0x00002d6b    0x58  Code  Gb  gpio.o [1]
adi_GPIO_SetPullUpEnable
                        0x00002dc3    0x58  Code  Gb  gpio.o [1]
adi_UART_Enable         0x0000400f    0x48  Code  Gb  uart.o [1]
adi_UART_Init           0x00003eb1    0xb4  Code  Gb  uart.o [1]
adi_UART_SetBaudRate    0x00003f65    0xaa  Code  Gb  uart.o [1]
adi_WDT_Init            0x000040a1    0x94  Code  Gb  wdt.o [1]
adi_WDT_ResetTimer      0x000041cf    0x48  Code  Gb  wdt.o [1]
adi_WDT_SetEnable       0x00004167    0x68  Code  Gb  wdt.o [1]
adi_WDT_UnInit          0x00004135    0x32  Code  Gb  wdt.o [1]
adi_initpinmux          0x000036b5    0x10  Code  Gb  PinMux.o [1]
arctan                  0x00003251    0xe2  Code  Gb  ImpedanceMeasurement_4WireBioIsolated.o [1]
arm_cmplx_mag_q31       0x00003985   0x11a  Code  Gb  arm_cmplx_mag_q31.o [4]
arm_mult_q15            0x00003aa1    0x8e  Code  Gb  arm_mult_q15.o [4]
arm_q15_to_q31          0x00003b31    0xa2  Code  Gb  arm_q15_to_q31.o [4]
arm_sqrt_q31            0x00004749    0xfc  Code  Gb  arm_sqrt_q31.o [4]
calculate_magnitude     0x000033b7    0x72  Code  Gb  ImpedanceMeasurement_4WireBioIsolated.o [1]
calculate_phase         0x00003429    0x2a  Code  Gb  ImpedanceMeasurement_4WireBioIsolated.o [1]
changeClockDividers     0x0000283d    0x3c  Code  Lc  system.o [1]
coeff                   0x00005a18     0xc  Data  Gb  ImpedanceMeasurement_4WireBioIsolated.o [1]
convert_dft_results     0x00003333    0x84  Code  Gb  ImpedanceMeasurement_4WireBioIsolated.o [1]
crc8                    0x00000c5b    0x40  Code  Lc  afe.o [1]
currentState            0x20000566     0x1  Data  Lc  system.o [1]
delay                   0x00003247     0xa  Code  Gb  ImpedanceMeasurement_4WireBioIsolated.o [1]
dmaDisable              0x00000ad5    0x62  Code  Lc  afe.o [1]
dmaEnable               0x00000a65    0x70  Code  Lc  afe.o [1]
dmaInit                 0x000009bf    0xa6  Code  Lc  afe.o [1]
exit                    0x00004249     0x4  Code  Gb  exit.o [3]
fifoDisable             0x00000899    0x5e  Code  Lc  afe.o [1]
fifoEnable              0x0000082d    0x6c  Code  Lc  afe.o [1]
gChannelControlDataArray
                        0x20000200   0x200  Data  Lc  dma.o [1]
gDmaDescriptorForAFERx  0x20000528    0x18  Data  Lc  afe.o [1]
gDmaDescriptorForAFETx  0x20000510    0x18  Data  Lc  afe.o [1]
gWdtStaticInitData      0x00005a38     0x8  Data  Lc  wdt.o [1]
gpioClock               0x2000055c     0x4  Data  Lc  system.o [1]
hUartDevice             0x20000550     0x4  Data  Gb  ImpedanceMeasurement_4WireBioIsolated.o [1]
hfClock                 0x20000558     0x4  Data  Lc  system.o [1]
isLfClkUsed             0x0000246d    0x46  Code  Lc  system.o [1]
lfClock                 0x20000554     0x4  Data  Lc  system.o [1]
main                    0x00003031   0x216  Code  Gb  ImpedanceMeasurement_4WireBioIsolated.o [1]
memchr                  0x000048a9          Code  Gb  memchr.o [6]
pAFE_DevData            0x00005a40     0x4  Data  Lc  afe.o [1]
pAlternateCCD           0x200000b8     0x4  Data  Lc  dma.o [1]
pDMA_DevData            0x00005a44     0x4  Data  Lc  dma.o [1]
pPrimaryCCD             0x200000b4     0x4  Data  Lc  dma.o [1]
print_MagnitudePhase    0x000034f3    0x4a  Code  Gb  ImpedanceMeasurement_4WireBioIsolated.o [1]
printf                  0x00003d25    0x24  Code  Gb  printf.o [3]
privateIntOccFlag       0x20000565     0x1  Data  Lc  system.o [1]
putchar                 0x0000587d    0x28  Code  Gb  putchar.o [3]
quit                    0x000036a9     0xa  Code  Lc  test_common.o [1]
scaleTimeout            0x000024cd    0x1e  Code  Lc  system.o [1]
seq_afe_acmeasBioZ_4wire
                        0x20000000    0x5c  Data  Gb  ImpedanceMeasurement_4WireBioIsolated.o [1]
seq_afe_auxchancal      0x00005798    0x40  Data  Gb  afe_lib.o [1]
seq_afe_excitechanpowerup
                        0x000059d4    0x10  Data  Gb  afe_lib.o [1]
seq_afe_powerup         0x000058a4    0x24  Data  Gb  afe_lib.o [1]
seq_afe_tempsenschancal
                        0x00005740    0x58  Data  Gb  afe_lib.o [1]
sequenceCRC             0x00000c9b    0x2a  Code  Lc  afe.o [1]
sprintf                 0x00003951    0x34  Code  Gb  sprintf.o [3]
sprintf_fixed32         0x00003453    0xa0  Code  Gb  ImpedanceMeasurement_4WireBioIsolated.o [1]
store                   0x200004bc    0x50  Data  Lc  xxwritebuffered.o [3]
storeLen                0x2000050c     0x4  Data  Lc  xxwritebuffered.o [3]
strcat                  0x00003d07    0x1c  Code  Gb  strcat.o [3]
strchr                  0x00004859          Code  Gb  strchr.o [6]
strlen                  0x00004871          Code  Gb  strlen.o [6]
test_Fail               0x00003661    0x32  Code  Gb  test_common.o [1]
test_Init               0x00003629    0x38  Code  Gb  test_common.o [1]
test_print              0x0000353d     0xc  Code  Gb  ImpedanceMeasurement_4WireBioIsolated.o [1]
uart_Init               0x00003549    0x52  Code  Gb  ImpedanceMeasurement_4WireBioIsolated.o [1]


[1] = C:\Analog Devices\ADuCM350BBCZ\Eval-ADUCM350EBZ\examples\ImpedanceMeasurement_4WireBioIsolated\iar\Debug\Obj
[2] = command line
[3] = dl7M_tln.a
[4] = iar_cortexM3l_math.a
[5] = m7M_tl.a
[6] = rt7M_tl.a
[7] = shb_l.a

  17 828 bytes of readonly  code memory
  15 660 bytes of readonly  data memory
   2 427 bytes of readwrite data memory

Errors: none
Warnings: none
