###############################################################################
#
# IAR ELF Linker V7.40.7.9843/W32 for ARM                 17/Mar/2016  17:42:22
# Copyright 2007-2015 IAR Systems AB.
#
#    Output file  =  
#        C:\Analog
#        Devices\ADuCM350BBCZ\Eval-ADUCM350EBZ\examples\test_2wire\iar\Debug\Exe\ImpedanceMeasurement_2Wire.out.tmp
#    Map file     =  
#        C:\Analog
#        Devices\ADuCM350BBCZ\Eval-ADUCM350EBZ\examples\test_2wire\iar\Debug\List\ImpedanceMeasurement_2Wire.map
#    Command line =  
#        "C:\Analog
#        Devices\ADuCM350BBCZ\Eval-ADUCM350EBZ\examples\test_2wire\iar\Debug\Obj\afe.o"
#        "C:\Analog
#        Devices\ADuCM350BBCZ\Eval-ADUCM350EBZ\examples\test_2wire\iar\Debug\Obj\afe_lib.o"
#        "C:\Analog
#        Devices\ADuCM350BBCZ\Eval-ADUCM350EBZ\examples\test_2wire\iar\Debug\Obj\dma.o"
#        "C:\Analog
#        Devices\ADuCM350BBCZ\Eval-ADUCM350EBZ\examples\test_2wire\iar\Debug\Obj\gpio.o"
#        "C:\Analog
#        Devices\ADuCM350BBCZ\Eval-ADUCM350EBZ\examples\test_2wire\iar\Debug\Obj\ImpedanceMeasurement_2Wire.o"
#        "C:\Analog
#        Devices\ADuCM350BBCZ\Eval-ADUCM350EBZ\examples\test_2wire\iar\Debug\Obj\PinMux.o"
#        "C:\Analog
#        Devices\ADuCM350BBCZ\Eval-ADUCM350EBZ\examples\test_2wire\iar\Debug\Obj\startup.o"
#        "C:\Analog
#        Devices\ADuCM350BBCZ\Eval-ADUCM350EBZ\examples\test_2wire\iar\Debug\Obj\system.o"
#        "C:\Analog
#        Devices\ADuCM350BBCZ\Eval-ADUCM350EBZ\examples\test_2wire\iar\Debug\Obj\test_common.o"
#        "C:\Analog
#        Devices\ADuCM350BBCZ\Eval-ADUCM350EBZ\examples\test_2wire\iar\Debug\Obj\uart.o"
#        "C:\Analog
#        Devices\ADuCM350BBCZ\Eval-ADUCM350EBZ\examples\test_2wire\iar\Debug\Obj\wdt.o"
#        --redirect _Printf=_PrintfSmall --redirect _Scanf=_ScanfSmall -o
#        "C:\Analog
#        Devices\ADuCM350BBCZ\Eval-ADUCM350EBZ\examples\test_2wire\iar\Debug\Exe\ImpedanceMeasurement_2Wire.out.tmp"
#        --keep __checksum0 --keep __checksum1 --keep __parity0 --keep
#        __parity1 --map "C:\Analog
#        Devices\ADuCM350BBCZ\Eval-ADUCM350EBZ\examples\test_2wire\iar\Debug\List\ImpedanceMeasurement_2Wire.map"
#        --log
#        libraries,initialization,modules,redirects,sections,veneers,unused_fragments
#        --log_file "C:\Analog
#        Devices\ADuCM350BBCZ\Eval-ADUCM350EBZ\examples\test_2wire\iar\Debug\List\ImpedanceMeasurement_2Wire.log"
#        --config "C:\Program Files (x86)\IAR Systems\Embedded Workbench
#        7.2\arm\config\linker\AnalogDevices\ADuCM350BBCZ.icf" --keep
#        __checksum --place_holder __checksum0,4,.checksum0,4 --place_holder
#        __checksum1,4,.checksum1,4 --place_holder __parity0,0x1F00,.parity0,4
#        --place_holder __parity1,0x0F80,.parity1,4 --semihosting --entry
#        __iar_program_start --place_holder __checksum,4,.checksum,4
#        --define_symbol __checksum_begin=0x0 --define_symbol
#        __checksum_end=0x7f7 --redirect __write=__write_buffered "C:\Program
#        Files (x86)\IAR Systems\Embedded Workbench
#        7.2\arm\CMSIS\Lib\IAR\iar_cortexM3l_math.a" --vfe
#
###############################################################################

*******************************************************************************
*** RUNTIME MODEL ATTRIBUTES
***

CppFlavor       = *
__SystemLibrary = DLib


*******************************************************************************
*** PLACEMENT SUMMARY
***

"A1":  place at 0x000007fc { block CHECKSUM };
"A2":  place at 0x000007f8 { block RSIGNATURE };
"A3":  place at end of [0x00000800-0x0003ffff] { block CHECKSUM0 };
"A4":  place at end of [0x00040000-0x0005ffff] { block CHECKSUM1 };
"A5":  place at 0x0005ffe8 { block JTAG_DISABLE };
"A6":  place at 0x0005ffec { block LOWER_FA_KEY };
"A7":  place at 0x0005fff0 { block UPPER_FA_KEY };
"A8":  place at 0x0005fff4 { block WRITE_PROTECT };
"A9":  place at 0x0003e000 { block PARITY0 };
"A10": place at 0x0005f000 { block PARITY1 };
"A11": place at start of [0x00000000-0x000007ff] { ro section .intvec };
"P1":  place in [from 0x00000800 to 0x0005ffff] { ro };
"A12": place at end of [0x20000000-0x20003fff] { block CSTACK };
"P2":  place in [from 0x20000000 to 0x20003fff] { rw, block HEAP };

  Section            Kind        Address    Size  Object
  -------            ----        -------    ----  ------
"A11":                                     0x134
  .intvec            const    0x00000000   0x134  startup.o [1]
                            - 0x00000134   0x134

"A2":                                        0x4
  RSIGNATURE                  0x000007f8     0x4  <Block>
    RSIGNATURE       uninit   0x000007f8     0x4  <Block tail>
                            - 0x000007fc     0x4

"A1":                                        0x4
  CHECKSUM                    0x000007fc     0x4  <Block>
    .checksum        const    0x000007fc     0x4  Place holder __checksum
                            - 0x00000800     0x4

"P1":                                     0x4c64
  .text              ro code  0x00000800  0x1048  system.o [1]
  .text              ro code  0x00001848   0x29a  gpio.o [1]
  .text              ro code  0x00001ae4    0x56  ABImemcpy_unaligned.o [6]
  .text              ro code  0x00001b3c  0x101c  afe.o [1]
  .text              ro code  0x00002b58   0x458  dma.o [1]
  .text              ro code  0x00002fb0   0x4d8  xprintfsmall.o [3]
  .text              ro code  0x00003488    0x16  strchr.o [6]
  .text              ro code  0x000034a0    0x36  strlen.o [6]
  .text              ro code  0x000034d8    0x58  memchr.o [6]
  .text              ro code  0x00003530   0x472  afe_lib.o [1]
  .text              ro code  0x000039a4   0x400  ImpedanceMeasurement_2Wire.o [1]
  .text              ro code  0x00003da4    0x8a  test_common.o [1]
  .text              ro code  0x00003e30    0x10  PinMux.o [1]
  .text              ro code  0x00003e40   0x11a  arm_cmplx_mag_q31.o [4]
  .text              ro code  0x00003f5c    0x24  printf.o [3]
  .text              ro code  0x00003f80    0x8e  arm_mult_q15.o [4]
  .text              ro code  0x00004010    0xa2  arm_q15_to_q31.o [4]
  .text              ro code  0x000040b4   0x132  I64DivMod.o [6]
  .text              ro code  0x000041e8   0x32c  uart.o [1]
  .text              ro code  0x00004514   0x1d4  wdt.o [1]
  .text              ro code  0x000046e8     0x4  exit.o [3]
  .text              ro code  0x000046ec    0x22  S64Shr.o [6]
  .text              ro code  0x00004710    0xfc  arm_sqrt_q31.o [4]
  .text              ro code  0x0000480c     0x2  I64DivZer.o [6]
  .text              ro code  0x00004810     0xe  cexit.o [6]
  .text              ro code  0x00004820    0x2e  I32ToFlt.o [5]
  .text              ro code  0x00004850    0xd8  FltMul.o [5]
  .text              ro code  0x00004928    0x44  FltToS32.o [5]
  .text              ro code  0x0000496c     0xc  xcloseall.o [3]
  .text              ro code  0x00004978    0x14  exit.o [7]
  .text              ro code  0x0000498c    0xc0  xxwritebuffered.o [3]
  .text              ro code  0x00004a4c    0x6c  iarttio.o [7]
  .text              ro code  0x00004ab8    0x1e  dwrite.o [7]
  .text              ro code  0x00004ad8     0x8  XShttio.o [3]
  .text              ro code  0x00004ae0    0x20  iarwstd.o [7]
  .text              ro code  0x00004b00    0x22  iarwrite.o [7]
  .rodata            const    0x00004b24    0xc8  system.o [1]
  .text              ro code  0x00004bec    0xa4  startup.o [1]
  .text              ro code  0x00004c90    0x1a  cmain.o [6]
  .text              ro code  0x00004caa     0x4  low_level_init.o [3]
  .text              ro code  0x00004cb0    0x28  data_init.o [6]
  .rodata            const    0x00004cd8    0x84  ImpedanceMeasurement_2Wire.o [1]
  .rodata            const    0x00004d5c    0x80  ImpedanceMeasurement_2Wire.o [1]
  .rodata            const    0x00004ddc    0x80  uart.o [1]
  .rodata            const    0x00004e5c    0x7c  ImpedanceMeasurement_2Wire.o [1]
  .rodata            const    0x00004ed8    0x7c  ImpedanceMeasurement_2Wire.o [1]
  .rodata            const    0x00004f54    0x78  ImpedanceMeasurement_2Wire.o [1]
  .rodata            const    0x00004fcc    0x74  ImpedanceMeasurement_2Wire.o [1]
  .rodata            const    0x00005040    0x70  ImpedanceMeasurement_2Wire.o [1]
  .text              ro code  0x000050b0    0x40  zero_init3.o [6]
  .rodata            const    0x000050f0    0x38  test_common.o [1]
  .rodata            const    0x00005128    0x30  ImpedanceMeasurement_2Wire.o [1]
  .rodata            const    0x00005158    0x30  ImpedanceMeasurement_2Wire.o [1]
  .text              ro code  0x00005188    0x2c  copy_init3.o [6]
  .rodata            const    0x000051b4    0x28  afe_lib.o [1]
  .text              ro code  0x000051dc    0x28  putchar.o [3]
  .rodata            const    0x00005204    0x24  afe_lib.o [1]
  .rodata            const    0x00005228    0x24  afe_lib.o [1]
  .rodata            const    0x0000524c    0x24  afe_lib.o [1]
  .iar.init_table    const    0x00005270    0x24  - Linker created -
  .rodata            const    0x00005294    0x20  afe_lib.o [1]
  .rodata            const    0x000052b4    0x20  afe_lib.o [1]
  .rodata            const    0x000052d4    0x1c  afe_lib.o [1]
  .rodata            const    0x000052f0    0x1c  afe_lib.o [1]
  .rodata            const    0x0000530c    0x1c  test_common.o [1]
  .rodata            const    0x00005328    0x18  test_common.o [1]
  .text              ro code  0x00005340    0x16  xprout.o [3]
  .rodata            const    0x00005358    0x14  gpio.o [1]
  .rodata            const    0x0000536c    0x10  afe_lib.o [1]
  .rodata            const    0x0000537c     0xc  ImpedanceMeasurement_2Wire.o [1]
  .rodata            const    0x00005388     0xc  ImpedanceMeasurement_2Wire.o [1]
  .text              ro code  0x00005394     0xc  cstartup_M.o [6]
  .rodata            const    0x000053a0     0x8  test_common.o [1]
  .rodata            const    0x000053a8     0x8  wdt.o [1]
  .rodata            const    0x000053b0     0x4  afe.o [1]
  .rodata            const    0x000053b4     0x4  dma.o [1]
  .rodata            const    0x000053b8     0x4  test_common.o [1]
  .text              ro code  0x000053bc     0x0  cstart_closeall.o [6]
  .rodata            const    0x000053bc     0x0  zero_init3.o [6]
  .rodata            const    0x000053bc     0x0  copy_init3.o [6]
  Initializer bytes  const    0x000053bc    0xa8  <for P2 s0>
                            - 0x00005464  0x4c64

"A9":                                     0x1f00
  PARITY0                     0x0003e000  0x1f00  <Block>
    .parity0         const    0x0003e000  0x1f00  Place holder __parity0
                            - 0x0003ff00  0x1f00

"A3":                                        0x8
  CHECKSUM0                   0x0003fff8     0x8  <Block>
    .checksum0       const    0x0003fff8     0x4  Place holder __checksum0
    CHECKSUM0        const    0x0003fffc     0x4  <Block tail>
                            - 0x00040000     0x8

"A10":                                     0xf80
  PARITY1                     0x0005f000   0xf80  <Block>
    .parity1         const    0x0005f000   0xf80  Place holder __parity1
                            - 0x0005ff80   0xf80

"A5":                                        0x4
  JTAG_DISABLE                0x0005ffe8     0x4  <Block>
    JTAG_DISABLE     uninit   0x0005ffe8     0x4  <Block tail>
                            - 0x0005ffec     0x4

"A6":                                        0x4
  LOWER_FA_KEY                0x0005ffec     0x4  <Block>
    LOWER_FA_KEY     uninit   0x0005ffec     0x4  <Block tail>
                            - 0x0005fff0     0x4

"A7":                                        0x4
  UPPER_FA_KEY                0x0005fff0     0x4  <Block>
    UPPER_FA_KEY     uninit   0x0005fff0     0x4  <Block tail>
                            - 0x0005fff4     0x4

"A8":                                        0x4
  WRITE_PROTECT               0x0005fff4     0x4  <Block>
    WRITE_PROTECT    uninit   0x0005fff4     0x4  <Block tail>
                            - 0x0005fff8     0x4

"A4":                                        0x8
  CHECKSUM1                   0x0005fff8     0x8  <Block>
    .checksum1       const    0x0005fff8     0x4  Place holder __checksum1
    CHECKSUM1        const    0x0005fffc     0x4  <Block tail>
                            - 0x00060000     0x8

"P2":                                      0x568
  P2 s0                       0x20000000    0xa8  <Init block>
    .data            inited   0x20000000    0x48  ImpedanceMeasurement_2Wire.o [1]
    .data            inited   0x20000048    0x44  uart.o [1]
    .data            inited   0x2000008c     0xc  system.o [1]
    .data            inited   0x20000098     0x8  XShttio.o [3]
    .data            inited   0x200000a0     0x4  dma.o [1]
    .data            inited   0x200000a4     0x4  dma.o [1]
  .bss               zero     0x20000200   0x200  dma.o [1]
  .bss               zero     0x20000400    0x60  afe.o [1]
  .bss               zero     0x20000460    0x5c  gpio.o [1]
  .bss               zero     0x200004bc    0x54  xxwritebuffered.o [3]
  .bss               zero     0x20000510    0x18  afe.o [1]
  .bss               zero     0x20000528    0x18  afe.o [1]
  .bss               zero     0x20000540     0xc  dma.o [1]
  .bss               zero     0x2000054c     0x4  afe.o [1]
  .bss               zero     0x20000550     0x4  ImpedanceMeasurement_2Wire.o [1]
  .bss               zero     0x20000554     0x4  system.o [1]
  .bss               zero     0x20000558     0x4  system.o [1]
  .bss               zero     0x2000055c     0x4  system.o [1]
  .bss               zero     0x20000560     0x4  wdt.o [1]
  .bss               zero     0x20000564     0x1  afe.o [1]
  .bss               zero     0x20000565     0x1  system.o [1]
  .bss               zero     0x20000566     0x1  system.o [1]
                            - 0x20000567   0x567

"A12":                                     0x400
  CSTACK                      0x20003c00   0x400  <Block>
    CSTACK           uninit   0x20003c00   0x400  <Block tail>
                            - 0x20004000   0x400


*******************************************************************************
*** INIT TABLE
***

          Address     Size
          -------     ----
Zero (__iar_zero_init3)
    1 destination range, total size 0x367:
          0x20000200  0x367

Copy (__iar_copy_init3)
    1 source range, total size 0xa8:
          0x000053bc   0xa8
    1 destination range, total size 0xa8:
          0x20000000   0xa8



*******************************************************************************
*** MODULE SUMMARY
***

    Module                        ro code  ro data  rw data
    ------                        -------  -------  -------
C:\Analog Devices\ADuCM350BBCZ\Eval-ADUCM350EBZ\examples\test_2wire\iar\Debug\Obj: [1]
    ImpedanceMeasurement_2Wire.o    1 024    1 048       76
    PinMux.o                           16
    afe.o                           4 124        4      149
    afe_lib.o                       1 138      284
    dma.o                           1 112       12      532
    gpio.o                            666       20       92
    startup.o                         164      308
    system.o                        4 168      212       26
    test_common.o                     138      120
    uart.o                            812      196       68
    wdt.o                             468        8        4
    -------------------------------------------------------
    Total:                         13 830    2 212      947

command line: [2]
    -------------------------------------------------------
    Total:

dl7M_tln.a: [3]
    XShttio.o                           8        8        8
    exit.o                              4
    low_level_init.o                    4
    printf.o                           36
    putchar.o                          40
    xcloseall.o                        12
    xprintfsmall.o                  1 240
    xprout.o                           22
    xxwritebuffered.o                 192                84
    -------------------------------------------------------
    Total:                          1 558        8       92

iar_cortexM3l_math.a: [4]
    arm_cmplx_mag_q31.o               282
    arm_mult_q15.o                    142
    arm_q15_to_q31.o                  162
    arm_sqrt_q31.o                    252
    -------------------------------------------------------
    Total:                            838

m7M_tl.a: [5]
    FltMul.o                          216
    FltToS32.o                         68
    I32ToFlt.o                         46
    -------------------------------------------------------
    Total:                            330

rt7M_tl.a: [6]
    ABImemcpy_unaligned.o              86
    I64DivMod.o                       306
    I64DivZer.o                         2
    S64Shr.o                           34
    cexit.o                            14
    cmain.o                            26
    copy_init3.o                       44
    cstart_closeall.o
    cstartup_M.o                       12
    data_init.o                        40
    memchr.o                           88
    strchr.o                           22
    strlen.o                           54
    zero_init3.o                       64
    -------------------------------------------------------
    Total:                            792

shb_l.a: [7]
    dwrite.o                           30
    exit.o                             20
    iarttio.o                         108
    iarwrite.o                         34
    iarwstd.o                          32
    -------------------------------------------------------
    Total:                            224

    Gaps                               32        4      344
    Linker created                              44    1 044
-----------------------------------------------------------
    Grand Total:                   17 604   14 184    2 427


*******************************************************************************
*** ENTRY LIST
***

Entry                      Address    Size  Type      Object
-----                      -------    ----  ----      ------
.iar.init_table$$Base   0x00005270           --   Gb  - Linker created -
.iar.init_table$$Limit  0x00005294           --   Gb  - Linker created -
?main                   0x00004c91          Code  Gb  cmain.o [6]
AFE_Capture_Int_Handler
                        0x00002753    0xae  Code  Gb  afe.o [1]
AFE_CmdFIFO_Int_Handler
                        0x00002871    0xd6  Code  Gb  afe.o [1]
AFE_DataFIFO_Int_Handler
                        0x00002947    0xa0  Code  Gb  afe.o [1]
AFE_DevData             0x20000400    0x60  Data  Gb  afe.o [1]
AFE_Generate_Int_Handler
                        0x00002801    0x70  Code  Gb  afe.o [1]
ArePinsValid            0x00001ab9    0x10  Code  Lc  gpio.o [1]
Beep_Int_Handler        0x00004c7d     0x2  Code  Wk  startup.o [1]
BusFault_Handler        0x00004c33     0x2  Code  Wk  startup.o [1]
CHECKSUM$$Base          0x000007fc           --   Gb  - Linker created -
CHECKSUM$$Limit         0x00000800           --   Gb  - Linker created -
CHECKSUM0$$Base         0x0003fff8           --   Gb  - Linker created -
CHECKSUM0$$Limit        0x00040000           --   Gb  - Linker created -
CHECKSUM1$$Base         0x0005fff8           --   Gb  - Linker created -
CHECKSUM1$$Limit        0x00060000           --   Gb  - Linker created -
CSTACK$$Base            0x20003c00           --   Gb  - Linker created -
CSTACK$$Limit           0x20004000           --   Gb  - Linker created -
CapTouch_Int_Handler    0x00004c81     0x2  Code  Wk  startup.o [1]
ClockStateConfig        0x2000008c     0xc  Data  Lc  system.o [1]
CommonInterruptHandler  0x00001981    0x82  Code  Gb  gpio.o [1]
DMA_AFE_RX_Int_Handler  0x00002a15   0x104  Code  Gb  afe.o [1]
DMA_AFE_TX_Int_Handler  0x000029e7    0x28  Code  Gb  afe.o [1]
DMA_CRC_Int_Handler     0x00004c67     0x2  Code  Wk  startup.o [1]
DMA_DevData             0x20000540     0xc  Data  Gb  dma.o [1]
DMA_Err_Int_Handler     0x00004c4f     0x2  Code  Wk  startup.o [1]
DMA_I2C0_MX_Int_Handler
                        0x00004c65     0x2  Code  Wk  startup.o [1]
DMA_I2C0_SRX_Int_Handler
                        0x00004c63     0x2  Code  Wk  startup.o [1]
DMA_I2C0_STX_Int_Handler
                        0x00004c61     0x2  Code  Wk  startup.o [1]
DMA_I2S_Int_Handler     0x00004c6b     0x2  Code  Wk  startup.o [1]
DMA_PDI_Int_Handler     0x00004c69     0x2  Code  Wk  startup.o [1]
DMA_SPI0_RX_Int_Handler
                        0x00004c57     0x2  Code  Wk  startup.o [1]
DMA_SPI0_TX_Int_Handler
                        0x00004c55     0x2  Code  Wk  startup.o [1]
DMA_SPI1_RX_Int_Handler
                        0x00004c5b     0x2  Code  Wk  startup.o [1]
DMA_SPI1_TX_Int_Handler
                        0x00004c59     0x2  Code  Wk  startup.o [1]
DMA_SPIH_RX_Int_Handler
                        0x00004c53     0x2  Code  Wk  startup.o [1]
DMA_SPIH_TX_Int_Handler
                        0x00004c51     0x2  Code  Wk  startup.o [1]
DMA_UART_RX_Int_Handler
                        0x00004c5f     0x2  Code  Wk  startup.o [1]
DMA_UART_TX_Int_Handler
                        0x00004c5d     0x2  Code  Wk  startup.o [1]
DebugMon_Handler        0x00004c39     0x2  Code  Wk  startup.o [1]
Ext_Int0_Handler        0x00001a03     0xc  Code  Gb  gpio.o [1]
Ext_Int1_Handler        0x00001a0f     0xc  Code  Gb  gpio.o [1]
Ext_Int2_Handler        0x00001a1b     0xc  Code  Gb  gpio.o [1]
Ext_Int3_Handler        0x00001a27     0xc  Code  Gb  gpio.o [1]
Ext_Int4_Handler        0x00001a33     0xc  Code  Gb  gpio.o [1]
Ext_Int5_Handler        0x00001a3f     0xc  Code  Gb  gpio.o [1]
Ext_Int6_Handler        0x00001a4b     0xc  Code  Gb  gpio.o [1]
Ext_Int7_Handler        0x00001a57     0xc  Code  Gb  gpio.o [1]
Ext_Int8_Handler        0x00001a63     0xc  Code  Gb  gpio.o [1]
Flash0_Int_Handler      0x00004c45     0x2  Code  Wk  startup.o [1]
Flash1_Int_Handler      0x00004c77     0x2  Code  Wk  startup.o [1]
GPFlash_Int_Handler     0x00004c83     0x2  Code  Wk  startup.o [1]
GPIO_A_Int_Handler      0x00001a6f     0xc  Code  Gb  gpio.o [1]
GPIO_B_Int_Handler      0x00001a7b     0xc  Code  Gb  gpio.o [1]
GP_Tmr0_Int_Handler     0x00004c41     0x2  Code  Wk  startup.o [1]
GP_Tmr1_Int_Handler     0x00004c43     0x2  Code  Wk  startup.o [1]
GP_Tmr2_Int_Handler     0x00004c75     0x2  Code  Wk  startup.o [1]
GetClockSourceStatus    0x00001163    0xda  Code  Gb  system.o [1]
GetSystemClockMux       0x00000a95    0x68  Code  Gb  system.o [1]
HardFault_Handler       0x00004c2f     0x2  Code  Wk  startup.o [1]
I2C0_Master_Int_Handler
                        0x00004c4d     0x2  Code  Wk  startup.o [1]
I2C0_Slave_Int_Handler  0x00004c4b     0x2  Code  Wk  startup.o [1]
I2S_Int_Handler         0x00004c73     0x2  Code  Wk  startup.o [1]
IsInterruptValid        0x00001ac9    0x1a  Code  Lc  gpio.o [1]
IsPortValid             0x00001a87    0x22  Code  Lc  gpio.o [1]
JTAG_DISABLE$$Base      0x0005ffe8           --   Gb  - Linker created -
JTAG_DISABLE$$Limit     0x0005ffec           --   Gb  - Linker created -
LCD_Int_Handler         0x00004c7f     0x2  Code  Wk  startup.o [1]
LOWER_FA_KEY$$Base      0x0005ffec           --   Gb  - Linker created -
LOWER_FA_KEY$$Limit     0x0005fff0           --   Gb  - Linker created -
LoadInt                 0x00003337    0x4c  Code  Lc  xprintfsmall.o [3]
MemManage_Handler       0x00004c31     0x2  Code  Wk  startup.o [1]
NVIC_DisableIRQ         0x00001b53    0x16  Code  Lc  afe.o [1]
NVIC_DisableIRQ         0x000041ff    0x16  Code  Lc  uart.o [1]
NVIC_DisableIRQ         0x0000452b    0x16  Code  Lc  wdt.o [1]
NVIC_EnableIRQ          0x00001b3d    0x16  Code  Lc  afe.o [1]
NVIC_EnableIRQ          0x000041e9    0x16  Code  Lc  uart.o [1]
NVIC_EnableIRQ          0x00004515    0x16  Code  Lc  wdt.o [1]
NmiSR                   0x00004c2d     0x2  Code  Wk  startup.o [1]
PARITY0$$Base           0x0003e000           --   Gb  - Linker created -
PARITY0$$Limit          0x0003ff00           --   Gb  - Linker created -
PARITY1$$Base           0x0005f000           --   Gb  - Linker created -
PARITY1$$Limit          0x0005ff80           --   Gb  - Linker created -
PDI_Int_Handler         0x00004c8b     0x2  Code  Wk  startup.o [1]
PLL_Int_Handler         0x00004c87     0x2  Code  Wk  startup.o [1]
Parity_Int_Handler      0x00004c8d     0x2  Code  Wk  startup.o [1]
PendSV_Handler          0x00004c3b     0x2  Code  Wk  startup.o [1]
RESERVED_VECTOR         0x00004c8f     0x2  Code  Wk  startup.o [1]
RSIGNATURE$$Base        0x000007f8           --   Gb  - Linker created -
RSIGNATURE$$Limit       0x000007fc           --   Gb  - Linker created -
RTC_Int_Handler         0x00004c7b     0x2  Code  Wk  startup.o [1]
Random_Int_Handler      0x00004c89     0x2  Code  Wk  startup.o [1]
Region$$Table$$Base     0x00005270           --   Gb  - Linker created -
Region$$Table$$Limit    0x00005294           --   Gb  - Linker created -
ResetCircularBuffers    0x00004323    0x2e  Code  Lc  uart.o [1]
ResetISR                0x00004bed    0x34  Code  Wk  startup.o [1]
SPI0_Int_Handler        0x00004c47     0x2  Code  Wk  startup.o [1]
SPI1_Int_Handler        0x00004c79     0x2  Code  Wk  startup.o [1]
SPIH_Int_Handler        0x00004c49     0x2  Code  Wk  startup.o [1]
SVC_Handler             0x00004c37     0x2  Code  Wk  startup.o [1]
SetPllFreq              0x0000123d    0x80  Code  Gb  system.o [1]
SetSystemClockDivider   0x00000c2f    0xf8  Code  Gb  system.o [1]
SetSystemClockMux       0x00000955   0x140  Code  Gb  system.o [1]
StateTransitionTable    0x00004b24    0xc8  Data  Lc  system.o [1]
SysTick_Handler         0x00004c3d     0x2  Code  Wk  startup.o [1]
SystemClockSourcePowerDownIfUnused
                        0x00000f13   0x250  Code  Gb  system.o [1]
SystemClockSourcePowerUp
                        0x00000e4b    0xc8  Code  Gb  system.o [1]
SystemCoreClockUpdate   0x000008ad    0xa8  Code  Gb  system.o [1]
SystemEnableClock       0x00000ba7    0x88  Code  Gb  system.o [1]
SystemEnableClockSource
                        0x00000d27   0x124  Code  Gb  system.o [1]
SystemEnterLowPowerMode
                        0x000012bd    0xda  Code  Gb  system.o [1]
SystemExitLowPowerMode  0x000013a5    0x28  Code  Gb  system.o [1]
SystemGetClockFrequency
                        0x00000afd    0xaa  Code  Gb  system.o [1]
SystemInit              0x00000801    0xac  Code  Gb  system.o [1]
SystemTransitionClocks  0x00001457    0xa4  Code  Gb  system.o [1]
UART_DevData            0x20000048    0x44  Data  Lc  uart.o [1]
UART_Int_Handler        0x0000423b    0xe8  Code  Gb  uart.o [1]
UART_RX_Status_Handler  0x00004215    0x26  Code  Lc  uart.o [1]
UPPER_FA_KEY$$Base      0x0005fff0           --   Gb  - Linker created -
UPPER_FA_KEY$$Limit     0x0005fff4           --   Gb  - Linker created -
USB_Control_Int_Handler
                        0x00004c6f     0x2  Code  Wk  startup.o [1]
USB_DMA_Int_Handler     0x00004c71     0x2  Code  Wk  startup.o [1]
USB_Wakeup_Int_Handler  0x00004c6d     0x2  Code  Wk  startup.o [1]
UsageFault_Handler      0x00004c35     0x2  Code  Wk  startup.o [1]
ValidateParams          0x00002e57   0x104  Code  Lc  dma.o [1]
WDT_DevData             0x20000560     0x4  Data  Lc  wdt.o [1]
WDog_Tmr_Int_Handler    0x000046b7     0xa  Code  Gb  wdt.o [1]
WRITE_PROTECT$$Base     0x0005fff4           --   Gb  - Linker created -
WRITE_PROTECT$$Limit    0x0005fff8           --   Gb  - Linker created -
WakeUp_Int_Handler      0x00004c3f     0x2  Code  Wk  startup.o [1]
XTAL_Int_Handler        0x00004c85     0x2  Code  Wk  startup.o [1]
_Close_all              0x0000496d     0xc  Code  Gb  xcloseall.o [3]
_LitobSmall             0x00003383    0xce  Code  Lc  xprintfsmall.o [3]
_PrintfSmall            0x00002fb1   0x380  Code  Gb  xprintfsmall.o [3]
_Prout                  0x00005341    0x16  Code  Gb  xprout.o [3]
_PutcharsSmall          0x00003451    0x2e  Code  Lc  xprintfsmall.o [3]
__aeabi_f2iz            0x00004929          Code  Gb  FltToS32.o [5]
__aeabi_fmul            0x00004851          Code  Gb  FltMul.o [5]
__aeabi_i2f             0x00004821          Code  Gb  I32ToFlt.o [5]
__aeabi_lasr            0x000046ed          Code  Gb  S64Shr.o [6]
__aeabi_ldiv0           0x0000480d          Code  Gb  I64DivZer.o [6]
__aeabi_ldivmod         0x000040b5          Code  Gb  I64DivMod.o [6]
__aeabi_uldivmod        0x000040f9          Code  Gb  I64DivMod.o [6]
__cexit_closeall        0x00004813          Code  Gb  cexit.o [6]
__checksum              0x000007fc     0x4  Data  Gb  Place holder __checksum
__checksum0             0x0003fff8     0x4  Data  Gb  Place holder __checksum0
__checksum1             0x0005fff8     0x4  Data  Gb  Place holder __checksum1
__checksum_begin {Abs}  0x00000000           --   Gb  command line/config [2]
__checksum_end {Abs}    0x000007f7           --   Gb  command line/config [2]
__cmain                 0x00004c91          Code  Gb  cmain.o [6]
__cstart_closeall       0x000053bc          Data  Gb  cstart_closeall.o [6]
__dwrite                0x00004ab9    0x1e  Code  Gb  dwrite.o [7]
__exit                  0x00004979    0x14  Code  Gb  exit.o [7]
__iar_Memchr            0x000034d9          Code  Gb  memchr.o [6]
__iar_Strchr            0x00003489          Code  Gb  strchr.o [6]
__iar_close_ttio        0x00004a4d    0x2e  Code  Gb  iarttio.o [7]
__iar_copy_init3        0x00005189    0x2c  Code  Gb  copy_init3.o [6]
__iar_data_init3        0x00004cb1    0x28  Code  Gb  data_init.o [6]
__iar_get_ttio          0x00004a7d    0x38  Code  Gb  iarttio.o [7]
__iar_lookup_ttioh      0x00004ad9     0x8  Code  Gb  XShttio.o [3]
__iar_program_start     0x00005395          Code  Gb  cstartup_M.o [6]
__iar_sh_stdout         0x00004ae1    0x20  Code  Gb  iarwstd.o [7]
__iar_sh_write          0x00004b01    0x22  Code  Gb  iarwrite.o [7]
__iar_ttio_handles      0x20000098     0x8  Data  Lc  XShttio.o [3]
__iar_ui2f              0x00004835          Code  Gb  I32ToFlt.o [5]
__iar_unaligned___aeabi_memcpy4
                        0x00001ae5          Code  Gb  ABImemcpy_unaligned.o [6]
__iar_unaligned___aeabi_memcpy8
                        0x00001ae5          Code  Gb  ABImemcpy_unaligned.o [6]
__iar_zero_init3        0x000050b1    0x40  Code  Gb  zero_init3.o [6]
__low_level_init        0x00004cab     0x4  Code  Gb  low_level_init.o [3]
__parity0               0x0003e000  0x1f00  Data  Gb  Place holder __parity0
__parity1               0x0005f000   0xf80  Data  Gb  Place holder __parity1
__vector_table          0x00000000   0x134  Data  Gb  startup.o [1]
__write_buffered        0x0000498d    0xc0  Code  Gb  xxwritebuffered.o [3]
_call_main              0x00004c9d          Code  Gb  cmain.o [6]
_exit                   0x00004811          Code  Gb  cexit.o [6]
_main                   0x00004ca7          Code  Gb  cmain.o [6]
aEnterMeasurementState  0x00001555    0xf6  Code  Lc  system.o [1]
aEnterMinimalState      0x00001505    0x50  Code  Lc  system.o [1]
aEnterUSBLPMState       0x00001763    0x46  Code  Lc  system.o [1]
aEnterUSBState          0x00001651   0x112  Code  Lc  system.o [1]
adi_AFE_ClearInterruptSource
                        0x000026cd    0x86  Code  Gb  afe.o [1]
adi_AFE_EnableInterruptSource
                        0x000025fb    0xd2  Code  Gb  afe.o [1]
adi_AFE_EnableSoftwareCRC
                        0x00002499     0xa  Code  Gb  afe.o [1]
adi_AFE_ExciteChanCalAtten
                        0x00003803    0xee  Code  Gb  afe_lib.o [1]
adi_AFE_ExciteChanPowerUp
                        0x0000358f    0x60  Code  Gb  afe_lib.o [1]
adi_AFE_GetRcal         0x000024cb    0x2e  Code  Gb  afe.o [1]
adi_AFE_GetRtia         0x000024f9    0x2e  Code  Gb  afe.o [1]
adi_AFE_GetRxDmaComplete
                        0x00001ff7    0x60  Code  Gb  afe.o [1]
adi_AFE_GetSeqFinished  0x00001fa5    0x52  Code  Gb  afe.o [1]
adi_AFE_HandleNotInitialized
                        0x000024b9    0x12  Code  Gb  afe.o [1]
adi_AFE_Init            0x00002535    0xc6  Code  Gb  afe.o [1]
adi_AFE_InvalidHandle   0x000024a3    0x16  Code  Gb  afe.o [1]
adi_AFE_PowerUp         0x00003531    0x5e  Code  Gb  afe_lib.o [1]
adi_AFE_ProgramRxDMA    0x00001ea7    0x94  Code  Gb  afe.o [1]
adi_AFE_ProgramTxDMA    0x00001e17    0x90  Code  Gb  afe.o [1]
adi_AFE_RunSequence     0x00002305   0x18a  Code  Gb  afe.o [1]
adi_AFE_SeqAbort        0x0000221f    0x6c  Code  Gb  afe.o [1]
adi_AFE_SeqCheck        0x0000228b    0x68  Code  Gb  afe.o [1]
adi_AFE_SeqInit         0x00002057    0xf4  Code  Gb  afe.o [1]
adi_AFE_SeqStart        0x0000214b    0x5e  Code  Gb  afe.o [1]
adi_AFE_SeqStop         0x000021a9    0x76  Code  Gb  afe.o [1]
adi_AFE_TiaChanCal      0x000035ef   0x214  Code  Gb  afe_lib.o [1]
adi_AFE_TiaChanDacCode  0x00003931    0x72  Code  Gb  afe_lib.o [1]
adi_AFE_WriteCalibrationRegister
                        0x00001c33    0x6c  Code  Gb  afe.o [1]
adi_DMA_Init            0x00002b59   0x158  Code  Gb  dma.o [1]
adi_DMA_ReSubmit        0x00002de7    0x70  Code  Gb  dma.o [1]
adi_DMA_SubmitTransfer  0x00002cb1   0x136  Code  Gb  dma.o [1]
adi_GPIO_ClearIRQ       0x00001849    0x36  Code  Gb  gpio.o [1]
adi_GPIO_Device         0x20000460    0x5c  Data  Lc  gpio.o [1]
adi_GPIO_GetOutputEnable
                        0x0000192f    0x2a  Code  Gb  gpio.o [1]
adi_GPIO_GetPullUpEnable
                        0x00001959    0x28  Code  Gb  gpio.o [1]
adi_GPIO_SetInputEnable
                        0x0000187f    0x58  Code  Gb  gpio.o [1]
adi_GPIO_SetPullUpEnable
                        0x000018d7    0x58  Code  Gb  gpio.o [1]
adi_UART_Enable         0x000044af    0x48  Code  Gb  uart.o [1]
adi_UART_Init           0x00004351    0xb4  Code  Gb  uart.o [1]
adi_UART_SetBaudRate    0x00004405    0xaa  Code  Gb  uart.o [1]
adi_WDT_Init            0x00004541    0x94  Code  Gb  wdt.o [1]
adi_WDT_ResetTimer      0x0000466f    0x48  Code  Gb  wdt.o [1]
adi_WDT_SetEnable       0x00004607    0x68  Code  Gb  wdt.o [1]
adi_WDT_UnInit          0x000045d5    0x32  Code  Gb  wdt.o [1]
adi_initpinmux          0x00003e31    0x10  Code  Gb  PinMux.o [1]
arctan                  0x00003b0d    0xe2  Code  Gb  ImpedanceMeasurement_2Wire.o [1]
arm_cmplx_mag_q31       0x00003e41   0x11a  Code  Gb  arm_cmplx_mag_q31.o [4]
arm_mult_q15            0x00003f81    0x8e  Code  Gb  arm_mult_q15.o [4]
arm_q15_to_q31          0x00004011    0xa2  Code  Gb  arm_q15_to_q31.o [4]
arm_sqrt_q31            0x00004711    0xfc  Code  Gb  arm_sqrt_q31.o [4]
calculate_magnitude     0x00003c77    0x62  Code  Gb  ImpedanceMeasurement_2Wire.o [1]
calculate_phase         0x00003cd9    0x2a  Code  Gb  ImpedanceMeasurement_2Wire.o [1]
changeClockDividers     0x000017a9    0x3c  Code  Lc  system.o [1]
coeff                   0x00005388     0xc  Data  Gb  ImpedanceMeasurement_2Wire.o [1]
convert_dft_results     0x00003bef    0x88  Code  Gb  ImpedanceMeasurement_2Wire.o [1]
crc8                    0x00001f3b    0x40  Code  Lc  afe.o [1]
currentState            0x20000566     0x1  Data  Lc  system.o [1]
dmaDisable              0x00001db5    0x62  Code  Lc  afe.o [1]
dmaEnable               0x00001d45    0x70  Code  Lc  afe.o [1]
dmaInit                 0x00001c9f    0xa6  Code  Lc  afe.o [1]
exit                    0x000046e9     0x4  Code  Gb  exit.o [3]
fifoDisable             0x00001bd5    0x5e  Code  Lc  afe.o [1]
fifoEnable              0x00001b69    0x6c  Code  Lc  afe.o [1]
gChannelControlDataArray
                        0x20000200   0x200  Data  Lc  dma.o [1]
gDmaDescriptorForAFERx  0x20000528    0x18  Data  Lc  afe.o [1]
gDmaDescriptorForAFETx  0x20000510    0x18  Data  Lc  afe.o [1]
gWdtStaticInitData      0x000053a8     0x8  Data  Lc  wdt.o [1]
gpioClock               0x2000055c     0x4  Data  Lc  system.o [1]
hUartDevice             0x20000550     0x4  Data  Gb  ImpedanceMeasurement_2Wire.o [1]
hfClock                 0x20000558     0x4  Data  Lc  system.o [1]
isLfClkUsed             0x000013d9    0x46  Code  Lc  system.o [1]
lfClock                 0x20000554     0x4  Data  Lc  system.o [1]
main                    0x000039a5   0x168  Code  Gb  ImpedanceMeasurement_2Wire.o [1]
memchr                  0x000034d9          Code  Gb  memchr.o [6]
pAFE_DevData            0x000053b0     0x4  Data  Lc  afe.o [1]
pAlternateCCD           0x200000a4     0x4  Data  Lc  dma.o [1]
pDMA_DevData            0x000053b4     0x4  Data  Lc  dma.o [1]
pPrimaryCCD             0x200000a0     0x4  Data  Lc  dma.o [1]
printf                  0x00003f5d    0x24  Code  Gb  printf.o [3]
privateIntOccFlag       0x20000565     0x1  Data  Lc  system.o [1]
putchar                 0x000051dd    0x28  Code  Gb  putchar.o [3]
quit                    0x00003e25     0xa  Code  Lc  test_common.o [1]
scaleTimeout            0x00001439    0x1e  Code  Lc  system.o [1]
seq_afe_acmeas2wire     0x20000000    0x48  Data  Gb  ImpedanceMeasurement_2Wire.o [1]
seq_afe_excitechancalatten1
                        0x000051b4    0x28  Data  Gb  afe_lib.o [1]
seq_afe_excitechancalatten2
                        0x000052f0    0x1c  Data  Gb  afe_lib.o [1]
seq_afe_excitechanpowerup
                        0x0000536c    0x10  Data  Gb  afe_lib.o [1]
seq_afe_powerup         0x00005204    0x24  Data  Gb  afe_lib.o [1]
seq_afe_tiachancal1     0x00005228    0x24  Data  Gb  afe_lib.o [1]
seq_afe_tiachancal2     0x00005294    0x20  Data  Gb  afe_lib.o [1]
seq_afe_tiachancal3     0x000052b4    0x20  Data  Gb  afe_lib.o [1]
seq_afe_tiachancal4     0x0000524c    0x24  Data  Gb  afe_lib.o [1]
seq_afe_tiachancal5     0x000052d4    0x1c  Data  Gb  afe_lib.o [1]
sequenceCRC             0x00001f7b    0x2a  Code  Lc  afe.o [1]
store                   0x200004bc    0x50  Data  Lc  xxwritebuffered.o [3]
storeLen                0x2000050c     0x4  Data  Lc  xxwritebuffered.o [3]
strchr                  0x00003489          Code  Gb  strchr.o [6]
strlen                  0x000034a1          Code  Gb  strlen.o [6]
test_Fail               0x00003ddd    0x32  Code  Gb  test_common.o [1]
test_Init               0x00003da5    0x38  Code  Gb  test_common.o [1]
uart_Init               0x00003d03    0x52  Code  Gb  ImpedanceMeasurement_2Wire.o [1]


[1] = C:\Analog Devices\ADuCM350BBCZ\Eval-ADUCM350EBZ\examples\test_2wire\iar\Debug\Obj
[2] = command line
[3] = dl7M_tln.a
[4] = iar_cortexM3l_math.a
[5] = m7M_tl.a
[6] = rt7M_tl.a
[7] = shb_l.a

  17 604 bytes of readonly  code memory
  14 184 bytes of readonly  data memory
   2 427 bytes of readwrite data memory

Errors: none
Warnings: none
